// Jest Snapshot v1, https://goo.gl/fbAQLP

exports[`_33_SearchInRotatedSortedArray 0 1`] = `undefined`;

exports[`_33_SearchInRotatedSortedArray 1 1`] = `undefined`;

exports[`_33_SearchInRotatedSortedArray 2 1`] = `undefined`;

exports[`_33_SearchInRotatedSortedArray 3 1`] = `undefined`;

exports[`_33_SearchInRotatedSortedArray 4 1`] = `undefined`;

exports[`_33_SearchInRotatedSortedArray 5 1`] = `undefined`;
